../Core/Src/main.c:83:5:__io_putchar	16	static
../Core/Src/main.c:93:6:Read_Sensors	16	static
../Core/Src/main.c:108:6:Process_Data	72	static
../Core/Src/main.c:138:5:main	48	static
../Core/Src/main.c:203:6:SystemClock_Config	88	static
../Core/Src/main.c:250:13:MX_I2C1_Init	8	static
../Core/Src/main.c:284:13:MX_I2C2_Init	8	static
../Core/Src/main.c:318:13:MX_USART2_UART_Init	8	static
../Core/Src/main.c:351:13:MX_GPIO_Init	16	static
../Core/Src/main.c:374:6:Error_Handler	4	static,ignoring_inline_asm
